// Jest Snapshot v1, https://goo.gl/fbAQLP

exports[`renders correctly 1`] = `
<input
  disabled={false}
  onBlur={[Function]}
  onChange={[Function]}
  onFocus={[Function]}
  onInput={[Function]}
  onKeyDown={[Function]}
  onKeyUp={[Function]}
  onMouseDown={[Function]}
  onMouseUp={[Function]}
  onPaste={[Function]}
  size={1}
  style={
    Object {
      "alignItems": "stretch",
      "borderColor": "grey",
      "borderStyle": "solid",
      "borderWidth": 1,
      "display": "flex",
      "flexBasis": "auto",
      "flexDirection": "row",
      "flexGrow": 0,
      "flexShrink": 0,
      "height": 40,
      "outline": "none",
      "overflowX": "hidden",
      "overflowY": "auto",
      "padding": 6,
      "position": "relative",
      "resize": "none",
      "width": "100%",
    }
  }
  type="text"
  value=""
/>
`;
