// Jest Snapshot v1, https://goo.gl/fbAQLP

exports[`renders correctly 1`] = `
<button
  onBlur={[Function]}
  onClick={[Function]}
  onContextMenu={[Function]}
  onFocus={[Function]}
  onMouseDown={[Function]}
  onMouseEnter={[Function]}
  onMouseLeave={[Function]}
  onMouseUp={[Function]}
  role="button"
  style={
    Object {
      "alignItems": "stretch",
      "appRegion": "no-drag",
      "backgroundColor": "#7d88a9",
      "borderColor": "transparent",
      "borderRadius": 16,
      "borderStyle": "solid",
      "borderWidth": "0",
      "cursor": "pointer",
      "display": "flex",
      "flexDirection": "column",
      "flexGrow": 0,
      "flexShrink": 0,
      "justifyContent": "center",
      "margin": 16,
      "overflow": "hidden",
      "padding": 0,
      "position": "relative",
      "textAlign": "left",
    }
  }
>
  <div
    style={
      Object {
        "color": "white",
        "cursor": "inherit",
        "display": "inline",
        "flexGrow": 0,
        "flexShrink": 0,
        "fontSize": 16,
        "marginBottom": 6,
        "marginLeft": 12,
        "marginRight": 12,
        "marginTop": 6,
        "overflow": "hidden",
        "overflowWrap": "break-word",
        "position": "relative",
        "whiteSpace": "pre-wrap",
      }
    }
  />
</button>
`;
